../Core/Src/oled.c:12:6:OLED_Refresh_Gram	16	static
../Core/Src/oled.c:29:6:OLED_Write	16	static
../Core/Src/oled.c:47:6:OLED_Display_On	8	static
../Core/Src/oled.c:55:6:OLED_Display_Off	8	static
../Core/Src/oled.c:63:6:OLED_Clear	8	static
../Core/Src/oled.c:69:6:OLED_On	16	static
../Core/Src/oled.c:88:6:OLED_DrawPoint	24	static
../Core/Src/oled.c:108:6:OLED_Fill	24	static
../Core/Src/oled.c:128:6:OLED_ShowChar	32	static
../Core/Src/oled.c:162:10:mypow	24	static
../Core/Src/oled.c:178:6:OLED_ShowNum	40	static
../Core/Src/oled.c:222:6:OLED_Init	8	static
../Core/Src/oled.c:274:6:OLED_ShowString	32	static
../Core/Src/oled.c:353:6:OLED_ShowChinese	40	static
../Core/Src/oled.c:444:6:OLED_ShowChineseX	40	static
../Core/Src/oled.c:462:6:OLED_Showdecimal	56	static
../Core/Src/oled.c:503:6:OLED_ShowDouble	336	static
../Core/Src/oled.c:559:6:OLED_BrightnessSet	16	static
../Core/Src/oled.c:598:6:OLED_Show_Picture	40	static
../Core/Src/oled.c:644:6:OLED_Moveleft	8	static
../Core/Src/oled.c:657:6:OLED_Moveright	8	static
